\BOOKMARK [0][-]{chapter.1}{\376\377\000I\000n\000t\000r\000o\000d\000u\000c\000t\000i\000o\000n}{}% 1
\BOOKMARK [1][-]{section.1.1}{\376\377\000M\000o\000t\000i\000v\000a\000t\000i\000o\000n}{chapter.1}% 2
\BOOKMARK [1][-]{section.1.2}{\376\377\000R\000e\000s\000e\000a\000r\000c\000h\000\040\000Q\000u\000e\000s\000t\000i\000o\000n\000s}{chapter.1}% 3
\BOOKMARK [1][-]{section.1.3}{\376\377\000C\000o\000n\000t\000r\000i\000b\000u\000t\000i\000o\000n}{chapter.1}% 4
\BOOKMARK [1][-]{section.1.4}{\376\377\000M\000e\000t\000h\000o\000d\000o\000l\000o\000g\000y}{chapter.1}% 5
\BOOKMARK [1][-]{section.1.5}{\376\377\000E\000v\000a\000l\000u\000a\000t\000i\000o\000n}{chapter.1}% 6
\BOOKMARK [1][-]{section.1.6}{\376\377\000S\000t\000r\000u\000c\000t\000u\000r\000e}{chapter.1}% 7
\BOOKMARK [0][-]{chapter.2}{\376\377\000R\000e\000l\000a\000t\000e\000d\000\040\000W\000o\000r\000k}{}% 8
\BOOKMARK [1][-]{section.2.1}{\376\377\000F\000o\000u\000n\000d\000a\000t\000i\000o\000n\000a\000l\000\040\000C\000o\000n\000c\000e\000p\000t\000s\000\040\000a\000n\000d\000\040\000T\000e\000c\000h\000n\000o\000l\000o\000g\000i\000e\000s}{chapter.2}% 9
\BOOKMARK [1][-]{section.2.2}{\376\377\000A\000u\000t\000o\000B\000P\000M\000N\000.\000A\000I}{chapter.2}% 10
\BOOKMARK [0][-]{chapter.3}{\376\377\000S\000o\000l\000u\000t\000i\000o\000n\000\040\000D\000e\000s\000i\000g\000n}{}% 11
\BOOKMARK [1][-]{section.3.1}{\376\377\000R\000e\000q\000u\000i\000r\000e\000m\000e\000n\000t\000s}{chapter.3}% 12
\BOOKMARK [2][-]{section*.3}{\376\377\000C\000o\000n\000t\000e\000x\000t\000\040\000a\000n\000d\000\040\000G\000o\000a\000l}{section.3.1}% 13
\BOOKMARK [1][-]{section.3.2}{\376\377\000R\000e\000q\000u\000i\000r\000e\000m\000e\000n\000t\000s\000\040\000E\000l\000i\000c\000i\000t\000a\000t\000i\000o\000n}{chapter.3}% 14
\BOOKMARK [1][-]{section.3.3}{\376\377\000R\000e\000q\000u\000i\000r\000e\000m\000e\000n\000t\000s\000\040\000E\000l\000i\000c\000i\000t\000a\000t\000i\000o\000n}{chapter.3}% 15
\BOOKMARK [2][-]{section*.6}{\376\377\000F\000u\000n\000c\000t\000i\000o\000n\000a\000l\000\040\000R\000e\000q\000u\000i\000r\000e\000m\000e\000n\000t\000s}{section.3.3}% 16
\BOOKMARK [2][-]{section*.6}{\376\377\000D\000e\000s\000i\000g\000n\000\040\000C\000o\000n\000s\000t\000r\000a\000i\000n\000t\000s}{section.3.3}% 17
\BOOKMARK [1][-]{section.3.4}{\376\377\000U\000s\000e\000r\000\040\000I\000n\000t\000e\000r\000f\000a\000c\000e\000\040\000a\000n\000d\000\040\000I\000n\000t\000e\000r\000a\000c\000t\000i\000o\000n\000\040\000D\000e\000s\000i\000g\000n}{chapter.3}% 18
\BOOKMARK [2][-]{section*.7}{\376\377\000S\000y\000s\000t\000e\000m\000\040\000V\000i\000e\000w\000s}{section.3.4}% 19
\BOOKMARK [2][-]{section*.7}{\376\377\000S\000y\000s\000t\000e\000m\000\040\000V\000i\000e\000w\000s}{section.3.4}% 20
\BOOKMARK [1][-]{section.3.5}{\376\377\000M\000o\000d\000e\000l\000i\000n\000g\000\040\000W\000o\000r\000k\000f\000l\000o\000w\000\040\000D\000e\000s\000i\000g\000n}{chapter.3}% 21
\BOOKMARK [2][-]{section*.9}{\376\377\000D\000e\000s\000i\000g\000n\000\040\000D\000i\000f\000f\000i\000c\000u\000l\000i\000t\000i\000e\000s}{section.3.5}% 22
\BOOKMARK [1][-]{section.3.6}{\376\377\000C\000o\000r\000e\000\040\000F\000u\000n\000c\000t\000i\000o\000n\000a\000l\000i\000t\000i\000e\000s\000\040\000D\000e\000s\000i\000g\000n}{chapter.3}% 23
\BOOKMARK [2][-]{section*.10}{\376\377\000D\000o\000c\000u\000m\000e\000n\000t\000\040\000M\000a\000n\000a\000g\000e\000m\000e\000n\000t}{section.3.6}% 24
\BOOKMARK [1][-]{section.3.7}{\376\377\000D\000o\000c\000u\000m\000e\000n\000t\000\040\000U\000p\000d\000a\000t\000e}{chapter.3}% 25
\BOOKMARK [2][-]{section*.11}{\376\377\000D\000o\000c\000u\000m\000e\000n\000t\000\040\000I\000n\000t\000e\000r\000a\000c\000t\000i\000o\000n}{section.3.7}% 26
\BOOKMARK [2][-]{section*.11}{\376\377\000P\000r\000o\000c\000e\000s\000s\000\040\000m\000o\000d\000e\000l\000i\000n\000g}{section.3.7}% 27
\BOOKMARK [1][-]{section.3.8}{\376\377\000I\000n\000t\000e\000r\000a\000c\000t\000i\000v\000e\000\040\000D\000e\000s\000i\000g\000n\000\040\000D\000i\000f\000f\000i\000c\000u\000l\000t\000y}{chapter.3}% 28
\BOOKMARK [1][-]{section.3.9}{\376\377\000S\000y\000s\000t\000e\000m\000\040\000A\000r\000c\000h\000i\000t\000e\000c\000t\000u\000r\000e}{chapter.3}% 29
\BOOKMARK [1][-]{section.3.10}{\376\377\000D\000a\000t\000a\000\040\000M\000o\000d\000e\000l}{chapter.3}% 30
\BOOKMARK [0][-]{chapter.4}{\376\377\000I\000m\000p\000l\000e\000m\000e\000n\000t\000a\000t\000i\000o\000n}{}% 31
\BOOKMARK [1][-]{section.4.1}{\376\377\000F\000r\000o\000n\000t\000e\000n\000d}{chapter.4}% 32
\BOOKMARK [2][-]{section*.14}{\376\377\000A\000r\000c\000h\000i\000t\000e\000c\000t\000u\000r\000e}{section.4.1}% 33
\BOOKMARK [1][-]{section.4.2}{\376\377\000S\000t\000a\000t\000e\000\040\000M\000a\000n\000a\000g\000e\000m\000e\000n\000t}{chapter.4}% 34
\BOOKMARK [2][-]{lstnumber.-1.15}{\376\377\000D\000o\000c\000u\000m\000e\000n\000t\000\040\000P\000r\000o\000c\000e\000s\000s\000i\000n\000g}{section.4.2}% 35
\BOOKMARK [2][-]{lstnumber.-1.15}{\376\377\000T\000e\000x\000t\000\040\000S\000e\000l\000e\000c\000t\000i\000o\000n\000\040\000R\000e\000n\000d\000e\000r\000i\000n\000g}{section.4.2}% 36
\BOOKMARK [2][-]{lstnumber.-1.15}{\376\377\000M\000o\000d\000e\000l\000i\000n\000g}{section.4.2}% 37
\BOOKMARK [2][-]{lstnumber.-1.15}{\376\377\000R\000e\000n\000d\000e\000r\000i\000n\000g\000\040\000C\000u\000s\000t\000o\000m\000i\000z\000a\000t\000i\000o\000n}{section.4.2}% 38
\BOOKMARK [2][-]{lstnumber.-1.15}{\376\377\000A\000r\000c\000h\000i\000t\000e\000c\000t\000u\000r\000e}{section.4.2}% 39
\BOOKMARK [1][-]{section.4.3}{\376\377\000B\000a\000c\000k\000e\000n\000d}{chapter.4}% 40
\BOOKMARK [2][-]{section*.17}{\376\377\000A\000r\000c\000h\000i\000t\000e\000c\000t\000u\000r\000e}{section.4.3}% 41
\BOOKMARK [1][-]{section.4.4}{\376\377\000D\000a\000t\000a\000b\000a\000s\000e\000\040\000S\000c\000h\000e\000m\000a}{chapter.4}% 42
\BOOKMARK [0][-]{chapter.5}{\376\377\000E\000v\000a\000l\000u\000a\000t\000i\000o\000n}{}% 43
\BOOKMARK [1][-]{section.5.1}{\376\377\000E\000v\000a\000l\000u\000a\000t\000i\000o\000n\000\040\000P\000r\000o\000c\000e\000d\000u\000r\000e}{chapter.5}% 44
\BOOKMARK [1][-]{section.5.2}{\376\377\000E\000v\000a\000l\000u\000a\000t\000i\000o\000n\000\040\000R\000e\000s\000u\000l\000t\000s}{chapter.5}% 45
\BOOKMARK [2][-]{section*.20}{\376\377\000O\000v\000e\000r\000a\000l\000l\000\040\000P\000e\000r\000c\000e\000p\000t\000i\000o\000n\000\040\000a\000n\000d\000\040\000T\000a\000s\000k\000\040\000C\000o\000m\000p\000l\000e\000t\000i\000o\000n}{section.5.2}% 46
\BOOKMARK [2][-]{table.caption.24}{\376\377\000P\000o\000s\000i\000t\000i\000v\000e\000\040\000A\000s\000p\000e\000c\000t\000s}{section.5.2}% 47
\BOOKMARK [2][-]{table.caption.24}{\376\377\000P\000r\000o\000b\000l\000e\000m\000s\000\040\000i\000n\000\040\000I\000n\000t\000e\000r\000a\000c\000t\000i\000o\000n\000\040\000a\000n\000d\000\040\000U\000s\000e}{section.5.2}% 48
\BOOKMARK [2][-]{table.caption.24}{\376\377\000P\000o\000t\000e\000n\000t\000i\000a\000l\000\040\000I\000m\000p\000r\000o\000v\000e\000m\000e\000n\000t\000s\000\040\000a\000n\000d\000\040\000A\000d\000d\000i\000t\000i\000o\000n\000a\000l\000\040\000F\000e\000a\000t\000u\000r\000e\000s}{section.5.2}% 49
\BOOKMARK [2][-]{table.caption.24}{\376\377\000F\000u\000t\000u\000r\000e\000\040\000U\000s\000e\000\040\000I\000n\000t\000e\000n\000t\000i\000o\000n}{section.5.2}% 50
\BOOKMARK [0][-]{chapter.6}{\376\377\000D\000i\000s\000c\000u\000s\000s\000i\000o\000n}{}% 51
\BOOKMARK [1][-]{section.6.1}{\376\377\000U\000s\000a\000b\000i\000l\000i\000t\000y\000\040\000a\000n\000d\000\040\000U\000s\000e\000r\000\040\000E\000x\000p\000e\000r\000i\000e\000n\000c\000e}{chapter.6}% 52
\BOOKMARK [1][-]{section.6.2}{\376\377\000U\000s\000e\000r\000\040\000E\000x\000p\000e\000c\000t\000a\000t\000i\000o\000n\000s}{chapter.6}% 53
\BOOKMARK [1][-]{section.6.3}{\376\377\000L\000i\000m\000i\000t\000a\000t\000i\000o\000n\000s}{chapter.6}% 54
\BOOKMARK [0][-]{chapter.7}{\376\377\000C\000o\000n\000c\000l\000u\000s\000i\000o\000n}{}% 55
\BOOKMARK [1][-]{section.7.1}{\376\377\000S\000u\000m\000m\000a\000r\000y}{chapter.7}% 56
\BOOKMARK [1][-]{section.7.2}{\376\377\000F\000u\000t\000u\000r\000e\000\040\000W\000o\000r\000k}{chapter.7}% 57
\BOOKMARK [0][-]{section.7.2}{\376\377\000B\000i\000b\000l\000i\000o\000g\000r\000a\000p\000h\000y}{}% 58
\BOOKMARK [0][-]{chapter.A}{\376\377\000A\000p\000p\000e\000n\000d\000i\000x}{}% 59
