\BOOKMARK [0][-]{chapter.1}{\376\377\000I\000n\000t\000r\000o\000d\000u\000c\000t\000i\000o\000n}{}% 1
\BOOKMARK [1][-]{section.1.1}{\376\377\000M\000o\000t\000i\000v\000a\000t\000i\000o\000n}{chapter.1}% 2
\BOOKMARK [1][-]{section.1.2}{\376\377\000R\000e\000s\000e\000a\000r\000c\000h\000\040\000Q\000u\000e\000s\000t\000i\000o\000n\000s}{chapter.1}% 3
\BOOKMARK [1][-]{section.1.3}{\376\377\000C\000o\000n\000t\000r\000i\000b\000u\000t\000i\000o\000n}{chapter.1}% 4
\BOOKMARK [1][-]{section.1.4}{\376\377\000M\000e\000t\000h\000o\000d\000o\000l\000o\000g\000y}{chapter.1}% 5
\BOOKMARK [1][-]{section.1.5}{\376\377\000E\000v\000a\000l\000u\000a\000t\000i\000o\000n}{chapter.1}% 6
\BOOKMARK [1][-]{section.1.6}{\376\377\000S\000t\000r\000u\000c\000t\000u\000r\000e}{chapter.1}% 7
\BOOKMARK [0][-]{chapter.2}{\376\377\000R\000e\000l\000a\000t\000e\000d\000\040\000W\000o\000r\000k}{}% 8
\BOOKMARK [1][-]{section.2.1}{\376\377\000L\000L\000M\000-\000b\000a\000s\000e\000d\000\040\000P\000r\000o\000c\000e\000s\000s\000\040\000M\000o\000d\000e\000l\000i\000n\000g\000\040\000T\000o\000o\000l}{chapter.2}% 9
\BOOKMARK [2][-]{section*.1}{\376\377\000P\000r\000o\000M\000o\000A\000I}{section.2.1}% 10
\BOOKMARK [2][-]{section*.1}{\376\377\000A\000u\000t\000o\000B\000P\000M\000N\000.\000A\000I}{section.2.1}% 11
\BOOKMARK [0][-]{chapter.3}{\376\377\000S\000o\000l\000u\000t\000i\000o\000n\000\040\000D\000e\000s\000i\000g\000n}{}% 12
\BOOKMARK [1][-]{section.3.1}{\376\377\000R\000e\000q\000u\000i\000r\000e\000m\000e\000n\000t\000s}{chapter.3}% 13
\BOOKMARK [2][-]{section*.2}{\376\377\000F\000u\000n\000c\000t\000i\000o\000n\000a\000l\000\040\000R\000e\000q\000u\000i\000r\000e\000m\000e\000n\000t\000s}{section.3.1}% 14
\BOOKMARK [2][-]{section*.2}{\376\377\000N\000o\000n\000-\000f\000u\000n\000c\000t\000i\000o\000n\000a\000l\000\040\000R\000e\000q\000u\000i\000r\000e\000m\000e\000n\000t\000s}{section.3.1}% 15
\BOOKMARK [1][-]{section.3.2}{\376\377\000M\000o\000d\000e\000l\000i\000n\000g\000\040\000W\000o\000r\000k\000f\000l\000o\000w\000\040\000D\000e\000s\000i\000g\000n}{chapter.3}% 16
\BOOKMARK [1][-]{section.3.3}{\376\377\000U\000s\000e\000\040\000C\000a\000s\000e\000s}{chapter.3}% 17
\BOOKMARK [2][-]{section*.3}{\376\377\000U\000s\000e\000\040\000C\000a\000s\000e\000\040\0001\000:\000\040\000T\000e\000x\000t\000\040\000S\000e\000l\000e\000c\000t\000i\000o\000n\000\040\000a\000n\000d\000\040\000M\000o\000d\000e\000l\000\040\000G\000e\000n\000e\000r\000a\000t\000i\000o\000n}{section.3.3}% 18
\BOOKMARK [1][-]{section.3.4}{\376\377\000U\000s\000e\000r\000\040\000I\000n\000t\000e\000r\000f\000a\000c\000e\000\040\000D\000e\000s\000i\000g\000n}{chapter.3}% 19
\BOOKMARK [1][-]{section.3.5}{\376\377\000S\000y\000s\000t\000e\000m\000\040\000A\000r\000c\000h\000i\000t\000e\000c\000t\000u\000r\000e}{chapter.3}% 20
\BOOKMARK [1][-]{section.3.6}{\376\377\000D\000a\000t\000a\000\040\000M\000o\000d\000e\000l}{chapter.3}% 21
\BOOKMARK [0][-]{chapter.4}{\376\377\000I\000m\000p\000l\000e\000m\000e\000n\000t\000a\000t\000i\000o\000n}{}% 22
\BOOKMARK [1][-]{section.4.1}{\376\377\000F\000r\000o\000n\000t\000e\000n\000d}{chapter.4}% 23
\BOOKMARK [1][-]{section.4.2}{\376\377\000B\000a\000c\000k\000e\000n\000d}{chapter.4}% 24
\BOOKMARK [0][-]{chapter.5}{\376\377\000E\000v\000a\000l\000u\000a\000t\000i\000o\000n}{}% 25
\BOOKMARK [1][-]{section.5.1}{\376\377\000E\000v\000a\000l\000u\000a\000t\000i\000o\000n\000\040\000P\000r\000o\000c\000e\000d\000u\000r\000e}{chapter.5}% 26
\BOOKMARK [1][-]{section.5.2}{\376\377\000E\000v\000a\000l\000u\000a\000t\000i\000o\000n\000\040\000R\000e\000s\000u\000l\000t\000s}{chapter.5}% 27
\BOOKMARK [2][-]{section*.8}{\376\377\000O\000v\000e\000r\000a\000l\000l\000\040\000P\000e\000r\000c\000e\000p\000t\000i\000o\000n}{section.5.2}% 28
\BOOKMARK [2][-]{table.caption.11}{\376\377\000P\000o\000s\000i\000t\000i\000v\000e\000\040\000A\000s\000p\000e\000c\000t\000s}{section.5.2}% 29
\BOOKMARK [2][-]{table.caption.11}{\376\377\000C\000h\000a\000l\000l\000e\000n\000g\000e\000s\000\040\000i\000n\000\040\000I\000n\000t\000e\000r\000a\000c\000t\000i\000o\000n\000\040\000a\000n\000d\000\040\000U\000s\000e}{section.5.2}% 30
\BOOKMARK [2][-]{table.caption.11}{\376\377\000P\000o\000t\000e\000n\000t\000i\000a\000l\000\040\000I\000m\000p\000r\000o\000v\000e\000m\000e\000n\000t\000s\000\040\000a\000n\000d\000\040\000A\000d\000d\000i\000t\000i\000o\000n\000a\000l\000\040\000F\000e\000a\000t\000u\000r\000e\000s}{section.5.2}% 31
\BOOKMARK [2][-]{table.caption.11}{\376\377\000F\000u\000t\000u\000r\000e\000\040\000U\000s\000e\000\040\000I\000n\000t\000e\000n\000t\000i\000o\000n}{section.5.2}% 32
\BOOKMARK [1][-]{section.5.3}{\376\377\000A\000d\000d\000i\000t\000i\000o\000n\000a\000l\000\040\000O\000b\000s\000e\000r\000v\000a\000t\000i\000o\000n\000s}{chapter.5}% 33
\BOOKMARK [0][-]{chapter.6}{\376\377\000D\000i\000s\000c\000u\000s\000s\000i\000o\000n}{}% 34
\BOOKMARK [1][-]{section.6.1}{\376\377\000U\000s\000a\000b\000i\000l\000i\000t\000y\000\040\000a\000n\000d\000\040\000U\000s\000e\000r\000\040\000E\000x\000p\000e\000r\000i\000e\000n\000c\000e}{chapter.6}% 35
\BOOKMARK [1][-]{section.6.2}{\376\377\000U\000s\000e\000r\000\040\000E\000x\000p\000e\000c\000t\000a\000t\000i\000o\000n\000s}{chapter.6}% 36
\BOOKMARK [0][-]{chapter.7}{\376\377\000C\000o\000n\000c\000l\000u\000s\000i\000o\000n}{}% 37
\BOOKMARK [0][-]{chapter.7}{\376\377\000B\000i\000b\000l\000i\000o\000g\000r\000a\000p\000h\000y}{}% 38
\BOOKMARK [0][-]{chapter.A}{\376\377\000A\000p\000p\000e\000n\000d\000i\000x}{}% 39
\BOOKMARK [1][-]{section.A.1}{\376\377\000E\000v\000a\000l\000u\000a\000t\000i\000o\000n\000\040\000M\000a\000t\000e\000r\000i\000a\000l}{chapter.A}% 40
\BOOKMARK [2][-]{section*.13}{\376\377\000B\0002\000B\000\040\000O\000r\000d\000e\000r\000\040\000P\000r\000o\000c\000e\000s\000s\000i\000n\000g\000\040\000S\000c\000e\000n\000a\000r\000i\000o}{section.A.1}% 41
